// Jest Snapshot v1, https://goo.gl/fbAQLP

exports[`Prueba <GifGrid /> Debe mostrar correctamente 1`] = `
<Fragment>
  <h2
    className="animate__animated animate__fadeIn"
  >
    Hola Mundo
  </h2>
  <p
    className="animate__animated animate__flash"
  >
    loading...
  </p>
  <div
    className="card-grid"
  />
</Fragment>
`;
